Flow report for single_core
Thu Jul 15 08:27:56 2021
Quartus Prime Version 18.1.0 Build 625 09/12/2018 SJ Lite Edition


---------------------
; Table of Contents ;
---------------------
  1. Legal Notice
  2. Flow Summary
  3. Flow Settings
  4. Flow Non-Default Global Settings
  5. Flow Elapsed Time
  6. Flow OS Summary
  7. Flow Log
  8. Flow Messages
  9. Flow Suppressed Messages



----------------
; Legal Notice ;
----------------
Copyright (C) 2018  Intel Corporation. All rights reserved.
Your use of Intel Corporation's design tools, logic functions 
and other software and tools, and its AMPP partner logic 
functions, and any output files from any of the foregoing 
(including device programming or simulation files), and any 
associated documentation or information are expressly subject 
to the terms and conditions of the Intel Program License 
Subscription Agreement, the Intel Quartus Prime License Agreement,
the Intel FPGA IP License Agreement, or other applicable license
agreement, including, without limitation, that your use is for
the sole purpose of programming logic devices manufactured by
Intel and sold by Intel or its authorized distributors.  Please
refer to the applicable agreement for further details.



+----------------------------------------------------------------------------------+
; Flow Summary                                                                     ;
+------------------------------------+---------------------------------------------+
; Flow Status                        ; Successful - Thu Jul 15 08:27:56 2021       ;
; Quartus Prime Version              ; 18.1.0 Build 625 09/12/2018 SJ Lite Edition ;
; Revision Name                      ; single_core                                 ;
; Top-level Entity Name              ; multi_core_processor                        ;
; Family                             ; Cyclone IV E                                ;
; Device                             ; EP4CE115F23C7                               ;
; Timing Models                      ; Final                                       ;
; Total logic elements               ; N/A until Partition Merge                   ;
;     Total combinational functions  ; N/A until Partition Merge                   ;
;     Dedicated logic registers      ; N/A until Partition Merge                   ;
; Total registers                    ; N/A until Partition Merge                   ;
; Total pins                         ; N/A until Partition Merge                   ;
; Total virtual pins                 ; N/A until Partition Merge                   ;
; Total memory bits                  ; N/A until Partition Merge                   ;
; Embedded Multiplier 9-bit elements ; N/A until Partition Merge                   ;
; Total PLLs                         ; N/A until Partition Merge                   ;
+------------------------------------+---------------------------------------------+


+-----------------------------------------+
; Flow Settings                           ;
+-------------------+---------------------+
; Option            ; Setting             ;
+-------------------+---------------------+
; Start date & time ; 07/15/2021 08:27:23 ;
; Main task         ; Compilation         ;
; Revision Name     ; single_core         ;
+-------------------+---------------------+


+-------------------------------------------------------------------------------------------------------------------------------------------------+
; Flow Non-Default Global Settings                                                                                                                ;
+--------------------------------------+----------------------------------------+---------------+----------------------+--------------------------+
; Assignment Name                      ; Value                                  ; Default Value ; Entity Name          ; Section Id               ;
+--------------------------------------+----------------------------------------+---------------+----------------------+--------------------------+
; COMPILER_SIGNATURE_ID                ; 9447198044956.162631784316692          ; --            ; --                   ; --                       ;
; EDA_DESIGN_INSTANCE_NAME             ; NA                                     ; --            ; --                   ; reginc_tb                ;
; EDA_DESIGN_INSTANCE_NAME             ; NA                                     ; --            ; --                   ; multi_core_processor_tb  ;
; EDA_DESIGN_INSTANCE_NAME             ; NA                                     ; --            ; --                   ; single_core_processor_tb ;
; EDA_DESIGN_INSTANCE_NAME             ; NA                                     ; --            ; --                   ; acc_tb                   ;
; EDA_DESIGN_INSTANCE_NAME             ; NA                                     ; --            ; --                   ; instr_memory_tb          ;
; EDA_NATIVELINK_SIMULATION_TEST_BENCH ; multi_core_processor_tb                ; --            ; --                   ; eda_simulation           ;
; EDA_OUTPUT_DATA_FORMAT               ; Verilog Hdl                            ; --            ; --                   ; eda_simulation           ;
; EDA_SIMULATION_TOOL                  ; ModelSim-Altera (Verilog)              ; <None>        ; --                   ; --                       ;
; EDA_TEST_BENCH_ENABLE_STATUS         ; TEST_BENCH_MODE                        ; --            ; --                   ; eda_simulation           ;
; EDA_TEST_BENCH_FILE                  ; reginc_tb.sv                           ; --            ; --                   ; reginc_tb                ;
; EDA_TEST_BENCH_FILE                  ; multi_core_processor_tb.sv             ; --            ; --                   ; multi_core_processor_tb  ;
; EDA_TEST_BENCH_FILE                  ; single_core_processor_tb.sv            ; --            ; --                   ; single_core_processor_tb ;
; EDA_TEST_BENCH_FILE                  ; acc_tb.sv                              ; --            ; --                   ; acc_tb                   ;
; EDA_TEST_BENCH_FILE                  ; instr_memory_tb.sv                     ; --            ; --                   ; instr_memory_tb          ;
; EDA_TEST_BENCH_MODULE_NAME           ; reginc_tb                              ; --            ; --                   ; reginc_tb                ;
; EDA_TEST_BENCH_MODULE_NAME           ; multi_core_processor_tb                ; --            ; --                   ; multi_core_processor_tb  ;
; EDA_TEST_BENCH_MODULE_NAME           ; single_core_processor_tb               ; --            ; --                   ; single_core_processor_tb ;
; EDA_TEST_BENCH_MODULE_NAME           ; acc_tb                                 ; --            ; --                   ; acc_tb                   ;
; EDA_TEST_BENCH_MODULE_NAME           ; instr_memory_tb                        ; --            ; --                   ; instr_memory_tb          ;
; EDA_TEST_BENCH_NAME                  ; single_core_processor_tb               ; --            ; --                   ; eda_simulation           ;
; EDA_TEST_BENCH_NAME                  ; multi_core_processor_tb                ; --            ; --                   ; eda_simulation           ;
; EDA_TEST_BENCH_NAME                  ; reginc_tb                              ; --            ; --                   ; eda_simulation           ;
; EDA_TEST_BENCH_NAME                  ; acc_tb                                 ; --            ; --                   ; eda_simulation           ;
; EDA_TEST_BENCH_NAME                  ; instr_memory_tb                        ; --            ; --                   ; eda_simulation           ;
; EDA_TIME_SCALE                       ; 1 ps                                   ; --            ; --                   ; eda_simulation           ;
; MAX_CORE_JUNCTION_TEMP               ; 85                                     ; --            ; --                   ; --                       ;
; MIN_CORE_JUNCTION_TEMP               ; 0                                      ; --            ; --                   ; --                       ;
; MISC_FILE                            ; DRAM_bb.v                              ; --            ; --                   ; --                       ;
; MISC_FILE                            ; DRAM_syn.v                             ; --            ; --                   ; --                       ;
; NOMINAL_CORE_SUPPLY_VOLTAGE          ; 1.2V                                   ; --            ; --                   ; --                       ;
; PARTITION_COLOR                      ; -- (Not supported for targeted family) ; --            ; multi_core_processor ; Top                      ;
; PARTITION_FITTER_PRESERVATION_LEVEL  ; -- (Not supported for targeted family) ; --            ; multi_core_processor ; Top                      ;
; PARTITION_NETLIST_TYPE               ; -- (Not supported for targeted family) ; --            ; multi_core_processor ; Top                      ;
; POWER_BOARD_THERMAL_MODEL            ; None (CONSERVATIVE)                    ; --            ; --                   ; --                       ;
; POWER_PRESET_COOLING_SOLUTION        ; 23 MM HEAT SINK WITH 200 LFPM AIRFLOW  ; --            ; --                   ; --                       ;
; PROJECT_OUTPUT_DIRECTORY             ; output_files                           ; --            ; --                   ; --                       ;
; TOP_LEVEL_ENTITY                     ; multi_core_processor                   ; single_core   ; --                   ; --                       ;
+--------------------------------------+----------------------------------------+---------------+----------------------+--------------------------+


+----------------------------------------------------------------------------------------------------------------------------+
; Flow Elapsed Time                                                                                                          ;
+------------------------+--------------+-------------------------+---------------------+------------------------------------+
; Module Name            ; Elapsed Time ; Average Processors Used ; Peak Virtual Memory ; Total CPU Time (on all processors) ;
+------------------------+--------------+-------------------------+---------------------+------------------------------------+
; Analysis & Elaboration ; 00:00:35     ; 1.0                     ; 4829 MB             ; 00:00:54                           ;
; Total                  ; 00:00:35     ; --                      ; --                  ; 00:00:54                           ;
+------------------------+--------------+-------------------------+---------------------+------------------------------------+


+--------------------------------------------------------------------------------------+
; Flow OS Summary                                                                      ;
+------------------------+------------------+------------+------------+----------------+
; Module Name            ; Machine Hostname ; OS Name    ; OS Version ; Processor type ;
+------------------------+------------------+------------+------------+----------------+
; Analysis & Elaboration ; Vinith           ; Windows 10 ; 10.0       ; x86_64         ;
+------------------------+------------------+------------+------------+----------------+


------------
; Flow Log ;
------------
quartus_map --read_settings_files=on --write_settings_files=off single_core -c single_core --analysis_and_elaboration



